// Jest Snapshot v1, https://goo.gl/fbAQLP

exports[`Actions transform should transform file 1`] = `
Object {
  "/foo.js": "console.log('baz');",
}
`;
